// Jest Snapshot v1, https://goo.gl/fbAQLP

exports[`Test Home Page UI Home page renders correctly 1`] = `
<div
  className="container"
>
  <div
    className="header"
  >
    <div
      className="social-media-title"
    >
      Social Media
    </div>
    <div
      className="profile-picture"
    >
      <div
        className="img"
      />
    </div>
    <div
      className="username"
    >
      Hi, username!
    </div>
  </div>
  <div
    className="top-navbar"
  >
    <div
      className="home-link"
    >
      Home
    </div>
    <div
      className="profile-link"
      onClick={[Function]}
      onKeyDown={[Function]}
      role="link"
      tabIndex={0}
    >
      Profile
    </div>
  </div>
  <div
    className="main-container"
  >
    <div
      className="side-navbar"
    >
      <button
        className="notifications"
        onClick={[Function]}
        type="submit"
      >
        Notifications
      </button>
      <button
        className="events"
        type="submit"
      >
        Events
      </button>
      <button
        className="groups"
        onClick={[Function]}
        type="submit"
      >
        Groups
      </button>
      <button
        className="videos"
        type="submit"
      >
        Videos
      </button>
      <button
        className="photos"
        type="submit"
      >
        Photos
      </button>
    </div>
    <div
      className="main-area"
    >
      <div
        className="post-create-area"
      >
        User can create post here
        <div
          className="text-area"
        />
        <div
          className="post-button"
        />
      </div>
      <div
        className="post-area"
      >
        Posts can be viewed here
        <div
          className="box-1"
        >
          <div
            className="poster-picture"
          />
          <div
            className="update-text"
          />
          <div
            className="reply-button"
          />
        </div>
        <div
          className="box-2"
        >
          <div
            className="poster-picture"
          />
          <div
            className="update-text"
          />
          <div
            className="reply-button"
          />
        </div>
      </div>
    </div>
    <div
      className="message-updates"
    >
      Message updates
    </div>
  </div>
</div>
`;
