// Jest Snapshot v1, https://goo.gl/fbAQLP

exports[`Test Messages Page UI Messages page av error renders correctly 1`] = `
<div
  className="container"
>
  <div
    className="header"
  >
    <div
      className="social-media-title"
    >
      Social Media
    </div>
    <div
      className="profile-picture"
    >
      <div
        className="img"
      />
    </div>
    <div
      className="username"
    >
      Hi, me!
    </div>
  </div>
  <div
    className="top-navbar"
  >
    <div
      className="home-link"
      onClick={[Function]}
      onKeyDown={[Function]}
      role="link"
      tabIndex={0}
    >
      Home
    </div>
    <div
      className="profile-link"
      onClick={[Function]}
      onKeyDown={[Function]}
      role="link"
      tabIndex={0}
    >
      Profile
    </div>
  </div>
  <div
    className="main-container"
  >
    <div
      className="side-navbar"
    >
      <button
        className="notifications"
        onClick={[Function]}
        type="submit"
      >
        Notifications
      </button>
      <button
        className="events"
        onClick={[Function]}
        type="submit"
      >
        Analytics
      </button>
      <button
        className="groups"
        onClick={[Function]}
        type="submit"
      >
        Groups
      </button>
      <button
        className="invitations"
        onClick={[Function]}
        type="submit"
      >
        Group Invitations and Requests 
      </button>
      <button
        className="photos"
        onClick={[Function]}
        type="submit"
      >
        Flagged posts
      </button>
    </div>
    <div
      className="main-area"
    >
      <div
        className="info-area"
      >
        Start a new conversation!
        <br />
        <div>
          <label
            className="list"
            htmlFor="textInput"
          >
            <input
              id="textInput"
              name="msgType"
              onClick={[Function]}
              type="radio"
            />
            Text message
          </label>
          <label
            className="list"
            htmlFor="audioInput"
          >
            <input
              id="audioInput"
              name="msgType"
              onClick={[Function]}
              type="radio"
            />
            Audio message
          </label>
          <label
            className="list"
            htmlFor="videoInput"
          >
            <input
              id="videoInput"
              name="msgType"
              onClick={[Function]}
              type="radio"
            />
            Video message
          </label>
          <label
            className="list"
            htmlFor="imageInput"
          >
            <input
              id="imageInput"
              name="msgType"
              onClick={[Function]}
              type="radio"
            />
            Image message
          </label>
        </div>
        <div
          id="form"
        >
          <input
            id="otherName"
            placeholder="your friend's username"
            type="text"
          />
          <textarea
            id="firstMsg"
            placeholder="type in a message!"
          />
          <button
            id="sendFirstMsg"
            onClick={[Function]}
            type="submit"
          >
            Start conversation!
          </button>
        </div>
      </div>
      <div
        className="convo-area"
        id="view-convos"
      >
        You do not have any messages :(
      </div>
    </div>
    <div
      className="side-navbar"
      id="forMessages"
    >
      <button
        className="messages"
        onClick={[Function]}
        type="submit"
      >
        Messages
      </button>
      <button
        className="logout"
        onClick={[Function]}
        type="submit"
      >
        Log out
      </button>
    </div>
  </div>
</div>
`;

exports[`Test Messages Page UI Messages page error renders correctly 1`] = `
<div
  className="container"
>
  <div
    className="header"
  >
    <div
      className="social-media-title"
    >
      Social Media
    </div>
    <div
      className="profile-picture"
    >
      <div
        className="img"
      />
    </div>
    <div
      className="username"
    >
      Hi, me!
    </div>
  </div>
  <div
    className="top-navbar"
  >
    <div
      className="home-link"
      onClick={[Function]}
      onKeyDown={[Function]}
      role="link"
      tabIndex={0}
    >
      Home
    </div>
    <div
      className="profile-link"
      onClick={[Function]}
      onKeyDown={[Function]}
      role="link"
      tabIndex={0}
    >
      Profile
    </div>
  </div>
  <div
    className="main-container"
  >
    <div
      className="side-navbar"
    >
      <button
        className="notifications"
        onClick={[Function]}
        type="submit"
      >
        Notifications
      </button>
      <button
        className="events"
        onClick={[Function]}
        type="submit"
      >
        Analytics
      </button>
      <button
        className="groups"
        onClick={[Function]}
        type="submit"
      >
        Groups
      </button>
      <button
        className="invitations"
        onClick={[Function]}
        type="submit"
      >
        Group Invitations and Requests 
      </button>
      <button
        className="photos"
        onClick={[Function]}
        type="submit"
      >
        Flagged posts
      </button>
    </div>
    <div
      className="main-area"
    >
      <div
        className="info-area"
      >
        Start a new conversation!
        <br />
        <div>
          <label
            className="list"
            htmlFor="textInput"
          >
            <input
              id="textInput"
              name="msgType"
              onClick={[Function]}
              type="radio"
            />
            Text message
          </label>
          <label
            className="list"
            htmlFor="audioInput"
          >
            <input
              id="audioInput"
              name="msgType"
              onClick={[Function]}
              type="radio"
            />
            Audio message
          </label>
          <label
            className="list"
            htmlFor="videoInput"
          >
            <input
              id="videoInput"
              name="msgType"
              onClick={[Function]}
              type="radio"
            />
            Video message
          </label>
          <label
            className="list"
            htmlFor="imageInput"
          >
            <input
              id="imageInput"
              name="msgType"
              onClick={[Function]}
              type="radio"
            />
            Image message
          </label>
        </div>
        <div
          id="form"
        >
          <input
            id="otherName"
            placeholder="your friend's username"
            type="text"
          />
          <textarea
            id="firstMsg"
            placeholder="type in a message!"
          />
          <button
            id="sendFirstMsg"
            onClick={[Function]}
            type="submit"
          >
            Start conversation!
          </button>
        </div>
      </div>
      <div
        className="convo-area"
        id="view-convos"
      >
        You do not have any messages :(
      </div>
    </div>
    <div
      className="side-navbar"
      id="forMessages"
    >
      <button
        className="messages"
        onClick={[Function]}
        type="submit"
      >
        Messages
      </button>
      <button
        className="logout"
        onClick={[Function]}
        type="submit"
      >
        Log out
      </button>
    </div>
  </div>
</div>
`;

exports[`Test Messages Page UI Messages page group error renders correctly 1`] = `
<div
  className="container"
>
  <div
    className="header"
  >
    <div
      className="social-media-title"
    >
      Social Media
    </div>
    <div
      className="profile-picture"
    >
      <div
        className="img"
      />
    </div>
    <div
      className="username"
    >
      Hi, me!
    </div>
  </div>
  <div
    className="top-navbar"
  >
    <div
      className="home-link"
      onClick={[Function]}
      onKeyDown={[Function]}
      role="link"
      tabIndex={0}
    >
      Home
    </div>
    <div
      className="profile-link"
      onClick={[Function]}
      onKeyDown={[Function]}
      role="link"
      tabIndex={0}
    >
      Profile
    </div>
  </div>
  <div
    className="main-container"
  >
    <div
      className="side-navbar"
    >
      <button
        className="notifications"
        onClick={[Function]}
        type="submit"
      >
        Notifications
      </button>
      <button
        className="events"
        onClick={[Function]}
        type="submit"
      >
        Analytics
      </button>
      <button
        className="groups"
        onClick={[Function]}
        type="submit"
      >
        Groups
      </button>
      <button
        className="invitations"
        onClick={[Function]}
        type="submit"
      >
        Group Invitations and Requests 
      </button>
      <button
        className="photos"
        onClick={[Function]}
        type="submit"
      >
        Flagged posts
      </button>
    </div>
    <div
      className="main-area"
    >
      <div
        className="info-area"
      >
        Start a new conversation!
        <br />
        <div>
          <label
            className="list"
            htmlFor="textInput"
          >
            <input
              id="textInput"
              name="msgType"
              onClick={[Function]}
              type="radio"
            />
            Text message
          </label>
          <label
            className="list"
            htmlFor="audioInput"
          >
            <input
              id="audioInput"
              name="msgType"
              onClick={[Function]}
              type="radio"
            />
            Audio message
          </label>
          <label
            className="list"
            htmlFor="videoInput"
          >
            <input
              id="videoInput"
              name="msgType"
              onClick={[Function]}
              type="radio"
            />
            Video message
          </label>
          <label
            className="list"
            htmlFor="imageInput"
          >
            <input
              id="imageInput"
              name="msgType"
              onClick={[Function]}
              type="radio"
            />
            Image message
          </label>
        </div>
        <div
          id="form"
        >
          <input
            id="otherName"
            placeholder="your friend's username"
            type="text"
          />
          <textarea
            id="firstMsg"
            placeholder="type in a message!"
          />
          <button
            id="sendFirstMsg"
            onClick={[Function]}
            type="submit"
          >
            Start conversation!
          </button>
        </div>
      </div>
      <div
        className="convo-area"
        id="view-convos"
      >
        You do not have any messages :(
      </div>
    </div>
    <div
      className="side-navbar"
      id="forMessages"
    >
      <button
        className="messages"
        onClick={[Function]}
        type="submit"
      >
        Messages
      </button>
      <button
        className="logout"
        onClick={[Function]}
        type="submit"
      >
        Log out
      </button>
    </div>
  </div>
</div>
`;

exports[`Test Messages Page UI Messages page img error renders correctly 1`] = `
<div
  className="container"
>
  <div
    className="header"
  >
    <div
      className="social-media-title"
    >
      Social Media
    </div>
    <div
      className="profile-picture"
    >
      <div
        className="img"
      />
    </div>
    <div
      className="username"
    >
      Hi, me!
    </div>
  </div>
  <div
    className="top-navbar"
  >
    <div
      className="home-link"
      onClick={[Function]}
      onKeyDown={[Function]}
      role="link"
      tabIndex={0}
    >
      Home
    </div>
    <div
      className="profile-link"
      onClick={[Function]}
      onKeyDown={[Function]}
      role="link"
      tabIndex={0}
    >
      Profile
    </div>
  </div>
  <div
    className="main-container"
  >
    <div
      className="side-navbar"
    >
      <button
        className="notifications"
        onClick={[Function]}
        type="submit"
      >
        Notifications
      </button>
      <button
        className="events"
        onClick={[Function]}
        type="submit"
      >
        Analytics
      </button>
      <button
        className="groups"
        onClick={[Function]}
        type="submit"
      >
        Groups
      </button>
      <button
        className="invitations"
        onClick={[Function]}
        type="submit"
      >
        Group Invitations and Requests 
      </button>
      <button
        className="photos"
        onClick={[Function]}
        type="submit"
      >
        Flagged posts
      </button>
    </div>
    <div
      className="main-area"
    >
      <div
        className="info-area"
      >
        Start a new conversation!
        <br />
        <div>
          <label
            className="list"
            htmlFor="textInput"
          >
            <input
              id="textInput"
              name="msgType"
              onClick={[Function]}
              type="radio"
            />
            Text message
          </label>
          <label
            className="list"
            htmlFor="audioInput"
          >
            <input
              id="audioInput"
              name="msgType"
              onClick={[Function]}
              type="radio"
            />
            Audio message
          </label>
          <label
            className="list"
            htmlFor="videoInput"
          >
            <input
              id="videoInput"
              name="msgType"
              onClick={[Function]}
              type="radio"
            />
            Video message
          </label>
          <label
            className="list"
            htmlFor="imageInput"
          >
            <input
              id="imageInput"
              name="msgType"
              onClick={[Function]}
              type="radio"
            />
            Image message
          </label>
        </div>
        <div
          id="form"
        >
          <input
            id="otherName"
            placeholder="your friend's username"
            type="text"
          />
          <textarea
            id="firstMsg"
            placeholder="type in a message!"
          />
          <button
            id="sendFirstMsg"
            onClick={[Function]}
            type="submit"
          >
            Start conversation!
          </button>
        </div>
      </div>
      <div
        className="convo-area"
        id="view-convos"
      >
        You do not have any messages :(
      </div>
    </div>
    <div
      className="side-navbar"
      id="forMessages"
    >
      <button
        className="messages"
        onClick={[Function]}
        type="submit"
      >
        Messages
      </button>
      <button
        className="logout"
        onClick={[Function]}
        type="submit"
      >
        Log out
      </button>
    </div>
  </div>
</div>
`;

exports[`Test Messages Page UI Messages page renders correctly 1`] = `
<div
  className="container"
>
  <div
    className="header"
  >
    <div
      className="social-media-title"
    >
      Social Media
    </div>
    <div
      className="profile-picture"
    >
      <div
        className="img"
      />
    </div>
    <div
      className="username"
    >
      Hi, me!
    </div>
  </div>
  <div
    className="top-navbar"
  >
    <div
      className="home-link"
      onClick={[Function]}
      onKeyDown={[Function]}
      role="link"
      tabIndex={0}
    >
      Home
    </div>
    <div
      className="profile-link"
      onClick={[Function]}
      onKeyDown={[Function]}
      role="link"
      tabIndex={0}
    >
      Profile
    </div>
  </div>
  <div
    className="main-container"
  >
    <div
      className="side-navbar"
    >
      <button
        className="notifications"
        onClick={[Function]}
        type="submit"
      >
        Notifications
      </button>
      <button
        className="events"
        onClick={[Function]}
        type="submit"
      >
        Analytics
      </button>
      <button
        className="groups"
        onClick={[Function]}
        type="submit"
      >
        Groups
      </button>
      <button
        className="invitations"
        onClick={[Function]}
        type="submit"
      >
        Group Invitations and Requests 
      </button>
      <button
        className="photos"
        onClick={[Function]}
        type="submit"
      >
        Flagged posts
      </button>
    </div>
    <div
      className="main-area"
    >
      <div
        className="info-area"
      >
        Start a new conversation!
        <br />
        <div>
          <label
            className="list"
            htmlFor="textInput"
          >
            <input
              id="textInput"
              name="msgType"
              onClick={[Function]}
              type="radio"
            />
            Text message
          </label>
          <label
            className="list"
            htmlFor="audioInput"
          >
            <input
              id="audioInput"
              name="msgType"
              onClick={[Function]}
              type="radio"
            />
            Audio message
          </label>
          <label
            className="list"
            htmlFor="videoInput"
          >
            <input
              id="videoInput"
              name="msgType"
              onClick={[Function]}
              type="radio"
            />
            Video message
          </label>
          <label
            className="list"
            htmlFor="imageInput"
          >
            <input
              id="imageInput"
              name="msgType"
              onClick={[Function]}
              type="radio"
            />
            Image message
          </label>
        </div>
        <div
          id="form"
        >
          <input
            id="otherName"
            placeholder="your friend's username"
            type="text"
          />
          <textarea
            id="firstMsg"
            placeholder="type in a message!"
          />
          <button
            id="sendFirstMsg"
            onClick={[Function]}
            type="submit"
          >
            Start conversation!
          </button>
        </div>
      </div>
      <div
        className="convo-area"
        id="view-convos"
      >
        You do not have any messages :(
      </div>
    </div>
    <div
      className="side-navbar"
      id="forMessages"
    >
      <button
        className="messages"
        onClick={[Function]}
        type="submit"
      >
        Messages
      </button>
      <button
        className="logout"
        onClick={[Function]}
        type="submit"
      >
        Log out
      </button>
    </div>
  </div>
</div>
`;

exports[`Test Messages Page UI Messages page user error renders correctly 1`] = `
<div
  className="container"
>
  <div
    className="header"
  >
    <div
      className="social-media-title"
    >
      Social Media
    </div>
    <div
      className="profile-picture"
    >
      <div
        className="img"
      />
    </div>
    <div
      className="username"
    >
      Hi, me!
    </div>
  </div>
  <div
    className="top-navbar"
  >
    <div
      className="home-link"
      onClick={[Function]}
      onKeyDown={[Function]}
      role="link"
      tabIndex={0}
    >
      Home
    </div>
    <div
      className="profile-link"
      onClick={[Function]}
      onKeyDown={[Function]}
      role="link"
      tabIndex={0}
    >
      Profile
    </div>
  </div>
  <div
    className="main-container"
  >
    <div
      className="side-navbar"
    >
      <button
        className="notifications"
        onClick={[Function]}
        type="submit"
      >
        Notifications
      </button>
      <button
        className="events"
        onClick={[Function]}
        type="submit"
      >
        Analytics
      </button>
      <button
        className="groups"
        onClick={[Function]}
        type="submit"
      >
        Groups
      </button>
      <button
        className="invitations"
        onClick={[Function]}
        type="submit"
      >
        Group Invitations and Requests 
      </button>
      <button
        className="photos"
        onClick={[Function]}
        type="submit"
      >
        Flagged posts
      </button>
    </div>
    <div
      className="main-area"
    >
      <div
        className="info-area"
      >
        Start a new conversation!
        <br />
        <div>
          <label
            className="list"
            htmlFor="textInput"
          >
            <input
              id="textInput"
              name="msgType"
              onClick={[Function]}
              type="radio"
            />
            Text message
          </label>
          <label
            className="list"
            htmlFor="audioInput"
          >
            <input
              id="audioInput"
              name="msgType"
              onClick={[Function]}
              type="radio"
            />
            Audio message
          </label>
          <label
            className="list"
            htmlFor="videoInput"
          >
            <input
              id="videoInput"
              name="msgType"
              onClick={[Function]}
              type="radio"
            />
            Video message
          </label>
          <label
            className="list"
            htmlFor="imageInput"
          >
            <input
              id="imageInput"
              name="msgType"
              onClick={[Function]}
              type="radio"
            />
            Image message
          </label>
        </div>
        <div
          id="form"
        >
          <input
            id="otherName"
            placeholder="your friend's username"
            type="text"
          />
          <textarea
            id="firstMsg"
            placeholder="type in a message!"
          />
          <button
            id="sendFirstMsg"
            onClick={[Function]}
            type="submit"
          >
            Start conversation!
          </button>
        </div>
      </div>
      <div
        className="convo-area"
        id="view-convos"
      >
        You do not have any messages :(
      </div>
    </div>
    <div
      className="side-navbar"
      id="forMessages"
    >
      <button
        className="messages"
        onClick={[Function]}
        type="submit"
      >
        Messages
      </button>
      <button
        className="logout"
        onClick={[Function]}
        type="submit"
      >
        Log out
      </button>
    </div>
  </div>
</div>
`;
